---
source: mask-text/src/mask.rs
expression: masked_text
---
"....... mask on group"
