---
source: mask-text/src/mask.rs
expression: "Kind::Regex(text, re, group, mask_char).mask()"
---
"....... mask on group"
