---
source: mask-text/src/mask.rs
expression: masked_text
---
"tex........."
